Application     C:\Users\kevin.otieno\Desktop\Final Draft App\02.16 CSPro data entry program for Android\PEEL\PEEL.ent
Type            ENTRY
Input Data      <<Text File>> C:\Users\kevin.otieno\Desktop\Final Draft App\02.16 CSPro data entry program for Android\DATA\RAWD\A001019011.dat
External        OTHERS=<<Text File>> C:\Users\kevin.otieno\Desktop\Final Draft App\02.16 CSPro data entry program for Android\DATA\RAWD\O001019011.dat
External        HH_GPS=<<Text File>> C:\Users\kevin.otieno\Desktop\Final Draft App\02.16 CSPro data entry program for Android\DATA\RAWD\G001019011.dat
External        CLUSTERS=<<Text File>> C:\Users\kevin.otieno\Desktop\Final Draft App\02.16 CSPro data entry program for Android\LOOKUP\clusters.dat
External        CTRL_HH=<<Text File>> C:\Users\kevin.otieno\Desktop\Final Draft App\02.16 CSPro data entry program for Android\DATA\CONTROL\CT001019.dat

Date            Jan 23, 2019
Start Time      14:21:55
End Time        14:24:12

CSPRO Process Summary

System messages:

 Number    Frequency   Message text
 ------    ---------   ------------
  48000            8   Invalid expression (%s) in CAPI text             

User numbered messages:

 Number    Freq  Pct.  Message text                                        Denom
 ------    ----  ----  ------------                                        -----
      5       1    -   W GPS is not active. Enable GPS and try again           -

CSPRO Executor Normal End
--------------------------------------------------------------------------------
